=======================================================
기존 발행 글 대표이미지 소급 적용
=======================================================
대상 19개

  ✅ 자동 로그인 성공
✅ 로그인 확인

포스트 15개:
  [40] 🏠 해링턴플레이스 노원 센트럴 무순위 신청 조건 총정리
  [39] 🏠 영통역 우미 린 오피스텔 신청 조건 총정리
  [38] 🏠 연수 월드메르디앙 어반포레 임의공급 신청 조건
  [33] 🏠 신검단중앙역 금강펜테리움 센트럴파크 신청 조건 총정리
  [32] 🏠 신검단중앙역 금강펜테리움 센트럴파크 무순위(사후) 신청 조건
  [31] 🏠 화성동탄2 공공분양 신청 조건과 분양가 정리
  [29] 🏠 동탄 그웬 160 무순위 신청 조건 총정리
  [28] 🏠 경기광주역 롯데캐슬 시그니처 1단지 무순위 신청 조건
  [27] 🏠 더샵 분당센트로 분양 신청 조건 총정리
  [26] 🏠 화곡더리브스카이 서울 임의공급 신청 조건
  [25] 🏠 청계 노르웨이숲 무순위(사후) 신청 조건 총정리
  [24] 🏠 풍무역 푸르지오 시티 오피스텔 신청 조건 총정리
  [22] 🏠 평택 고덕 우미 린 프레스티지 청약 신청 조건과 분양가 정리
  [20] 🏠 서수원 한라비발디 3단지 행복주택 신청 조건 총정리
  [19] 🏠 e편한세상 분당 퍼스트빌리지 신혼희망타운 청약 신청 조건

[20260605_001] 포스트 20 — 수원당수 신혼희망타운 행복주택 예비입주자 모집
  💾 캐시 사용: 20260605_001.png
  ✅ 대표이미지 설정 완료
[20260605_010] 포스트 22 — 평택 고덕 우미 린 프레스티지(Abc-36BL)
  💾 캐시 사용: 20260605_010.png
  ✅ 대표이미지 설정 완료
[20260605_011] 포스트 31 — 화성동탄2 C-27블록 공공분양주택 입주자모집공고
  💾 캐시 사용: 20260605_011.png
  ✅ 대표이미지 설정 완료
[20260606_001] 포스트 24 — 풍무역 푸르지오 시티
  💾 캐시 사용: 20260606_001.png
  ✅ 대표이미지 설정 완료
[20260606_002] 포스트 25 — 청계 노르웨이숲(9차)
  💾 캐시 사용: 20260606_002.png
  ✅ 대표이미지 설정 완료
[20260606_003] 포스트 26 — 화곡더리브스카이(3차)
  💾 캐시 사용: 20260606_003.png
  ✅ 대표이미지 설정 완료
[20260606_004] 포스트 27 — 더샵 분당센트로(2차)
  💾 캐시 사용: 20260606_004.png
  ✅ 대표이미지 설정 완료
[20260606_005] 포스트 28 — 경기광주역 롯데캐슬 시그니처 1단지
  💾 캐시 사용: 20260606_005.png
  ✅ 대표이미지 설정 완료
[20260606_006] 포스트 29 — 동탄 그웬 160 (동탄2 B11BL)
  💾 캐시 사용: 20260606_006.png
  ✅ 대표이미지 설정 완료
[20260606_007] 포스트 33 — 신검단중앙역 금강펜테리움 센트럴파크
  💾 캐시 사용: 20260606_007.png
  ✅ 대표이미지 설정 완료
[20260606_008] 포스트 32 — 신검단중앙역 금강펜테리움 센트럴파크(3차)
  💾 캐시 사용: 20260606_008.png
  ✅ 대표이미지 설정 완료
[20260606_009] 포스트 29 — 동탄 그웬 160 (동탄2 B11BL)
  💾 캐시 사용: 20260606_009.png
  ✅ 대표이미지 설정 완료
[20260606_010] 포스트 38 — 연수 월드메르디앙 어반포레(2차)
  💾 캐시 사용: 20260606_010.png
  ✅ 대표이미지 설정 완료
[20260606_011] 포스트 33 — 신검단중앙역 금강펜테리움 센트럴파크
  💾 캐시 사용: 20260606_011.png
  ✅ 대표이미지 설정 완료
[20260606_012] 포스트 32 — 신검단중앙역 금강펜테리움 센트럴파크(3차)
  💾 캐시 사용: 20260606_012.png
  ✅ 대표이미지 설정 완료
[20260606_013] 포스트 38 — 연수 월드메르디앙 어반포레(2차)
  💾 캐시 사용: 20260606_013.png
  ✅ 대표이미지 설정 완료
[20260608_001] 포스트 39 — 영통역 우미 린
  💾 캐시 사용: 20260608_001.png
  ✅ 대표이미지 설정 완료
[20260608_002] 포스트 40 — 해링턴플레이스 노원 센트럴(2차)
  💾 캐시 사용: 20260608_002.png
  ✅ 대표이미지 설정 완료
[test_0000061094] 포스트 19 — e편한세상 분당 퍼스트빌리지
  💾 캐시 사용: test_0000061094.png
  ✅ 대표이미지 설정 완료

완료 — 성공 19개 / 실패·스킵 0개

🔄 재발행으로 날아간 PDF 링크 자동복원 중...
=======================================================
기존 발행 글 PDF 첨부파일 소급 업로드
=======================================================
PDF 있는 발행 글: 12개

  ✅ 자동 로그인 성공
✅ 로그인 확인

포스트 15개 확인

[20260605_001] 포스트 20 — 공고문.pdf
  📎 PDF 업로드 완료: 공고문.pdf (451,410 bytes)
  🔗 PDF 링크 본문 삽입 완료
[20260605_011] 포스트 31 — 공고문.pdf
  📎 PDF 업로드 완료: 공고문.pdf (1,403,321 bytes)
  🔗 PDF 링크 본문 삽입 완료
[20260606_001] 포스트 24 — 공고문.pdf
  📎 PDF 업로드 완료: 공고문.pdf (426,234 bytes)
  🔗 PDF 링크 본문 삽입 완료
[20260606_002] 포스트 25 — 공고문.pdf
  📎 PDF 업로드 완료: 공고문.pdf (1,205,553 bytes)
  🔗 PDF 링크 본문 삽입 완료
[20260606_003] 포스트 26 — 공고문.pdf
  📎 PDF 업로드 완료: 공고문.pdf (190,837 bytes)
  🔗 PDF 링크 본문 삽입 완료
[20260606_004] 포스트 27 — 공고문.pdf
  📎 PDF 업로드 완료: 공고문.pdf (248,827 bytes)
  🔗 PDF 링크 본문 삽입 완료
[20260606_005] 포스트 28 — 공고문.pdf
  📎 PDF 업로드 완료: 공고문.pdf (490,026 bytes)
  🔗 PDF 링크 본문 삽입 완료
[20260606_006] 포스트 29 — 공고문.pdf
  📎 PDF 업로드 완료: 공고문.pdf (217,780 bytes)
  🔗 PDF 링크 본문 삽입 완료
[20260606_007] 포스트 33 — 공고문.pdf
  📎 PDF 업로드 완료: 공고문.pdf (512,229 bytes)
  🔗 PDF 링크 본문 삽입 완료
[20260606_011] 포스트 33 — 공고문.pdf
  📎 PDF 업로드 완료: 공고문.pdf (512,229 bytes)
  🔗 PDF 링크 본문 삽입 완료
[20260608_001] 포스트 39 — 2026950056 영통역 우미 린 입주자모집광고문.pdf
  📎 PDF 업로드 완료: 2026950056 영통역 우미 린 입주자모집광고문.pdf (531,906 bytes)
  🔗 PDF 링크 본문 삽입 완료
[20260608_002] 포스트 40 — 2026910147 해링턴플레이스 노원 센트럴(2차) 무순위 입주자모집공고문.pdf
  📎 PDF 업로드 완료: 2026910147 해링턴플레이스 노원 센트럴(2차) 무순위 입주자모집공고문.pdf (371,114 bytes)
  🔗 PDF 링크 본문 삽입 완료

완료 — 성공 12개 / 실패·스킵 0개

