=======================================================
기존 발행 글 PDF 첨부파일 소급 업로드
=======================================================
PDF 있는 발행 글: 12개

  ✅ 자동 로그인 성공
✅ 로그인 확인

포스트 15개 확인

[20260605_001] 포스트 20 — 공고문.pdf
  📎 PDF 업로드 완료: 공고문.pdf (451,410 bytes)
  🔗 PDF 링크 본문 삽입 완료
[20260605_011] 포스트 31 — 공고문.pdf
  📎 PDF 업로드 완료: 공고문.pdf (1,403,321 bytes)
  🔗 PDF 링크 본문 삽입 완료
[20260606_001] 포스트 24 — 공고문.pdf
  📎 PDF 업로드 완료: 공고문.pdf (426,234 bytes)
  🔗 PDF 링크 본문 삽입 완료
[20260606_002] 포스트 25 — 공고문.pdf
  📎 PDF 업로드 완료: 공고문.pdf (1,205,553 bytes)
  🔗 PDF 링크 본문 삽입 완료
[20260606_003] 포스트 26 — 공고문.pdf
  📎 PDF 업로드 완료: 공고문.pdf (190,837 bytes)
  🔗 PDF 링크 본문 삽입 완료
[20260606_004] 포스트 27 — 공고문.pdf
  📎 PDF 업로드 완료: 공고문.pdf (248,827 bytes)
  🔗 PDF 링크 본문 삽입 완료
[20260606_005] 포스트 28 — 공고문.pdf
  📎 PDF 업로드 완료: 공고문.pdf (490,026 bytes)
  🔗 PDF 링크 본문 삽입 완료
[20260606_006] 포스트 29 — 공고문.pdf
  📎 PDF 업로드 완료: 공고문.pdf (217,780 bytes)
  🔗 PDF 링크 본문 삽입 완료
[20260606_007] 포스트 33 — 공고문.pdf
  📎 PDF 업로드 완료: 공고문.pdf (512,229 bytes)
  🔗 PDF 링크 본문 삽입 완료
[20260606_011] 포스트 33 — 공고문.pdf
  📎 PDF 업로드 완료: 공고문.pdf (512,229 bytes)
  🔗 PDF 링크 본문 삽입 완료
[20260608_001] 포스트 39 — 2026950056 영통역 우미 린 입주자모집광고문.pdf
  📎 PDF 업로드 완료: 2026950056 영통역 우미 린 입주자모집광고문.pdf (531,906 bytes)
  🔗 PDF 링크 본문 삽입 완료
[20260608_002] 포스트 40 — 2026910147 해링턴플레이스 노원 센트럴(2차) 무순위 입주자모집공고문.pdf
  📎 PDF 업로드 완료: 2026910147 해링턴플레이스 노원 센트럴(2차) 무순위 입주자모집공고문.pdf (371,114 bytes)
  🔗 PDF 링크 본문 삽입 완료

완료 — 성공 12개 / 실패·스킵 0개
