bash: line 1: python: command not found
==================================================
Writer Agent
==================================================
Task: 20260531_004 — ENFJ ESTP 커플 궁합
  글 생성 중...
  제목: 💘 ENFJ ESTP 커플 궁합 – 뜨거운 감정과 빠른 행동, ENFJ ESTP 커플 궁합
  초안 저장: articles/draft/20260531_004.html
  Task 이동: planned/ → writing/

✅ 완료: 20260531_004
==================================================
Publisher Agent
==================================================
Task: 20260531_004
제목: 💘 ENFJ ESTP 커플 궁합 – 뜨거운 감정과 빠른 행동, ENFJ ESTP 커플 궁합
  로그인 필요 → 자동 로그인 시도...
  ✅ 자동 로그인 성공
✅ 발행 완료 → tasks/published/
==================================================
Writer Agent
==================================================
Task: 20260531_005 — ENFJ INFJ 커플 궁합
  글 생성 중...
  제목: 💘 ENFJ INFJ 커플 궁합 – 따뜻함이 닮은 두 사람, ENFJ INFJ 커플 궁합
  초안 저장: articles/draft/20260531_005.html
  Task 이동: planned/ → writing/

✅ 완료: 20260531_005
==================================================
Publisher Agent
==================================================
Task: 20260531_005
제목: 💘 ENFJ INFJ 커플 궁합 – 따뜻함이 닮은 두 사람, ENFJ INFJ 커플 궁합
  로그인 필요 → 자동 로그인 시도...
  ✅ 자동 로그인 성공
✅ 발행 완료 → tasks/published/
==================================================
Writer Agent
==================================================
Task: 20260531_006 — ENFJ INFP 커플 궁합
  글 생성 중...
  제목: 💘 ENFJ INFP 커플 궁합 – 따뜻한 리더와 감성 시인의 만남
  초안 저장: articles/draft/20260531_006.html
  Task 이동: planned/ → writing/

✅ 완료: 20260531_006
==================================================
Publisher Agent
==================================================
Task: 20260531_006
제목: 💘 ENFJ INFP 커플 궁합 – 따뜻한 리더와 감성 시인의 만남
  로그인 필요 → 자동 로그인 시도...
  ✅ 자동 로그인 성공
✅ 발행 완료 → tasks/published/
==================================================
Writer Agent
==================================================
Task: 20260531_007 — ENFJ INTJ 커플 궁합
  글 생성 중...
  제목: 💘 ENFJ INTJ 커플 궁합 – ENFJ INTJ 커플 궁합 | 따뜻한 리더와 냉철한 전략가의 조합
  초안 저장: articles/draft/20260531_007.html
  Task 이동: planned/ → writing/

✅ 완료: 20260531_007
==================================================
Publisher Agent
==================================================
Task: 20260531_007
제목: 💘 ENFJ INTJ 커플 궁합 – ENFJ INTJ 커플 궁합 | 따뜻한 리더와 냉철한 전략가의 조합
  로그인 필요 → 자동 로그인 시도...
  ✅ 자동 로그인 성공
✅ 발행 완료 → tasks/published/
==================================================
Writer Agent
==================================================
Task: 20260531_008 — ENFJ INTP 커플 궁합
  글 생성 중...
  제목: 💘 ENFJ INTP 커플 궁합 – ENFJ INTP 커플, 따뜻한 리더와 조용한 천재의 조합
  초안 저장: articles/draft/20260531_008.html
  Task 이동: planned/ → writing/

✅ 완료: 20260531_008
==================================================
Publisher Agent
==================================================
Task: 20260531_008
제목: 💘 ENFJ INTP 커플 궁합 – ENFJ INTP 커플, 따뜻한 리더와 조용한 천재의 조합
  로그인 필요 → 자동 로그인 시도...
  ✅ 자동 로그인 성공
✅ 발행 완료 → tasks/published/
==================================================
Writer Agent
==================================================
Task: 20260531_009 — ENFJ ISFP 커플 궁합
  글 생성 중...
  제목: 💘 ENFJ ISFP 커플 궁합 – ENFJ와 ISFP 커플 궁합
  초안 저장: articles/draft/20260531_009.html
  Task 이동: planned/ → writing/

✅ 완료: 20260531_009
==================================================
Publisher Agent
==================================================
Task: 20260531_009
제목: 💘 ENFJ ISFP 커플 궁합 – ENFJ와 ISFP 커플 궁합
  로그인 필요 → 자동 로그인 시도...
  ✅ 자동 로그인 성공
✅ 발행 완료 → tasks/published/
==================================================
Writer Agent
==================================================
Task: 20260531_010 — ENFJ ISTJ 커플 궁합
  글 생성 중...
  제목: 💘 ENFJ ISTJ 커플 궁합 – 따뜻한 리더와 묵직한 현실주의자의 만남
  초안 저장: articles/draft/20260531_010.html
  Task 이동: planned/ → writing/

✅ 완료: 20260531_010
==================================================
Publisher Agent
==================================================
Task: 20260531_010
제목: 💘 ENFJ ISTJ 커플 궁합 – 따뜻한 리더와 묵직한 현실주의자의 만남
  로그인 필요 → 자동 로그인 시도...
  ✅ 자동 로그인 성공
✅ 발행 완료 → tasks/published/
==================================================
Writer Agent
==================================================
Task: 20260531_011 — ENFJ ISTP 커플 궁합
  글 생성 중...
  제목: 💘 ENFJ ISTP 커플 궁합 – 정반대라 더 끌리는, ENFJ와 ISTP의 현실 궁합
  초안 저장: articles/draft/20260531_011.html
  Task 이동: planned/ → writing/

✅ 완료: 20260531_011
==================================================
Publisher Agent
==================================================
Task: 20260531_011
제목: 💘 ENFJ ISTP 커플 궁합 – 정반대라 더 끌리는, ENFJ와 ISTP의 현실 궁합
  로그인 필요 → 자동 로그인 시도...
  ✅ 자동 로그인 성공
✅ 발행 완료 → tasks/published/
==================================================
Writer Agent
==================================================
Task: 20260531_012 — ESFJ ESFP 커플 궁합
  글 생성 중...
  제목: 💘 ESFJ ESFP 커플 궁합 – ESFJ ESFP 커플 궁합｜분위기 메이커와 공감형 연인의 달콤한 조합
  초안 저장: articles/draft/20260531_012.html
  Task 이동: planned/ → writing/

✅ 완료: 20260531_012
==================================================
Publisher Agent
==================================================
Task: 20260531_012
제목: 💘 ESFJ ESFP 커플 궁합 – ESFJ ESFP 커플 궁합｜분위기 메이커와 공감형 연인의 달콤한 조합
  로그인 필요 → 자동 로그인 시도...
  ✅ 자동 로그인 성공
✅ 발행 완료 → tasks/published/
==================================================
Writer Agent
==================================================
Task: 20260531_013 — ESFJ ESTJ 커플 궁합
  글 생성 중...
  제목: 💘 ESFJ ESTJ 커플 궁합 – ESFJ ESTJ 커플 궁합 | 현실적이지만 따뜻한 동반자 관계
  초안 저장: articles/draft/20260531_013.html
  Task 이동: planned/ → writing/

✅ 완료: 20260531_013
==================================================
Publisher Agent
==================================================
Task: 20260531_013
제목: 💘 ESFJ ESTJ 커플 궁합 – ESFJ ESTJ 커플 궁합 | 현실적이지만 따뜻한 동반자 관계
  로그인 필요 → 자동 로그인 시도...
  ✅ 자동 로그인 성공
✅ 발행 완료 → tasks/published/
==================================================
Writer Agent
==================================================
Task: 20260531_014 — ESFJ ESTP 커플 궁합
  글 생성 중...
  제목: 💘 ESFJ ESTP 커플 궁합 – 따뜻한 배려형 ESFJ와 자유로운 추진형 ESTP, 끌리지만 부딪히기도 쉬운 조합
  초안 저장: articles/draft/20260531_014.html
  Task 이동: planned/ → writing/

✅ 완료: 20260531_014
==================================================
Publisher Agent
==================================================
Task: 20260531_014
제목: 💘 ESFJ ESTP 커플 궁합 – 따뜻한 배려형 ESFJ와 자유로운 추진형 ESTP, 끌리지만 부딪히기도 쉬운 조합
  로그인 필요 → 자동 로그인 시도...
  ✅ 자동 로그인 성공
✅ 발행 완료 → tasks/published/
==================================================
Writer Agent
==================================================
Task: 20260531_015 — ESFJ INFJ 커플 궁합
  글 생성 중...
  제목: 💘 ESFJ INFJ 커플 궁합 – ESFJ INFJ 커플, 따뜻함과 깊이가 만나면?
  초안 저장: articles/draft/20260531_015.html
  Task 이동: planned/ → writing/

✅ 완료: 20260531_015
==================================================
Publisher Agent
==================================================
Task: 20260531_015
제목: 💘 ESFJ INFJ 커플 궁합 – ESFJ INFJ 커플, 따뜻함과 깊이가 만나면?
  로그인 필요 → 자동 로그인 시도...
  ✅ 자동 로그인 성공
✅ 발행 완료 → tasks/published/
==================================================
Writer Agent
==================================================
Task: 20260531_016 — ESFJ INFP 커플 궁합
  글 생성 중...
  제목: 💘 ESFJ INFP 커플 궁합 – 따뜻함과 감성의 만남, ESFJ INFP 커플 궁합
  초안 저장: articles/draft/20260531_016.html
  Task 이동: planned/ → writing/

✅ 완료: 20260531_016
==================================================
Publisher Agent
==================================================
Task: 20260531_016
제목: 💘 ESFJ INFP 커플 궁합 – 따뜻함과 감성의 만남, ESFJ INFP 커플 궁합
  로그인 필요 → 자동 로그인 시도...
  ✅ 자동 로그인 성공
✅ 발행 완료 → tasks/published/
==================================================
Writer Agent
==================================================
Task: 20260531_017 — ESFJ INTJ 커플 궁합
  글 생성 중...
  제목: 💘 ESFJ INTJ 커플 궁합 – ESFJ INTJ 커플, 따뜻한 마음과 냉철한 머리가 만났을 때
  초안 저장: articles/draft/20260531_017.html
  Task 이동: planned/ → writing/

✅ 완료: 20260531_017
==================================================
Publisher Agent
==================================================
Task: 20260531_017
제목: 💘 ESFJ INTJ 커플 궁합 – ESFJ INTJ 커플, 따뜻한 마음과 냉철한 머리가 만났을 때
  로그인 필요 → 자동 로그인 시도...
  ✅ 자동 로그인 성공
✅ 발행 완료 → tasks/published/
==================================================
Writer Agent
==================================================
Task: 20260531_018 — ESFJ INTP 커플 궁합
  글 생성 중...
  제목: 💘 ESFJ INTP 커플 궁합 – ESFJ INTP 커플, 따뜻함과 논리가 만나면?
  초안 저장: articles/draft/20260531_018.html
  Task 이동: planned/ → writing/

✅ 완료: 20260531_018
==================================================
Publisher Agent
==================================================
Task: 20260531_018
제목: 💘 ESFJ INTP 커플 궁합 – ESFJ INTP 커플, 따뜻함과 논리가 만나면?
  로그인 필요 → 자동 로그인 시도...
  ✅ 자동 로그인 성공
✅ 발행 완료 → tasks/published/
==================================================
Writer Agent
==================================================
Task: 20260531_019 — ESFJ ISTJ 커플 궁합
  글 생성 중...
  제목: 💘 ESFJ ISTJ 커플 궁합 – ESFJ ISTJ 커플 궁합 | 따뜻함과 안정감이 만났을 때
  초안 저장: articles/draft/20260531_019.html
  Task 이동: planned/ → writing/

✅ 완료: 20260531_019
==================================================
Publisher Agent
==================================================
Task: 20260531_019
제목: 💘 ESFJ ISTJ 커플 궁합 – ESFJ ISTJ 커플 궁합 | 따뜻함과 안정감이 만났을 때
  로그인 필요 → 자동 로그인 시도...
  ✅ 자동 로그인 성공
✅ 발행 완료 → tasks/published/
==================================================
Writer Agent
==================================================
Task: 20260531_020 — ESFJ ISTP 커플 궁합
  글 생성 중...
  제목: 💘 ESFJ ISTP 커플 궁합 – ESFJ x ISTP, 따뜻함과 쿨함이 만났을 때
  초안 저장: articles/draft/20260531_020.html
  Task 이동: planned/ → writing/

✅ 완료: 20260531_020
==================================================
Publisher Agent
==================================================
Task: 20260531_020
제목: 💘 ESFJ ISTP 커플 궁합 – ESFJ x ISTP, 따뜻함과 쿨함이 만났을 때
  로그인 필요 → 자동 로그인 시도...
  ✅ 자동 로그인 성공
✅ 발행 완료 → tasks/published/
==================================================
Writer Agent
==================================================
Task: 20260531_021 — ESFP ESTJ 커플 궁합
  글 생성 중...
  제목: 💘 ESFP ESTJ 커플 궁합 – 즉흥과 원칙이 만난다면? ESFP ESTJ 커플 궁합
  초안 저장: articles/draft/20260531_021.html
  Task 이동: planned/ → writing/

✅ 완료: 20260531_021
==================================================
Publisher Agent
==================================================
Task: 20260531_021
제목: 💘 ESFP ESTJ 커플 궁합 – 즉흥과 원칙이 만난다면? ESFP ESTJ 커플 궁합
  로그인 필요 → 자동 로그인 시도...
  ✅ 자동 로그인 성공
✅ 발행 완료 → tasks/published/
==================================================
Writer Agent
==================================================
Task: 20260531_022 — ESFP INFJ 커플 궁합
  글 생성 중...
  제목: 💘 ESFP INFJ 커플 궁합 – ESFP INFJ 커플 궁합 | 반대라서 끌리고, 달라서 배우는 조합
  초안 저장: articles/draft/20260531_022.html
  Task 이동: planned/ → writing/

✅ 완료: 20260531_022
==================================================
Publisher Agent
==================================================
Task: 20260531_022
제목: 💘 ESFP INFJ 커플 궁합 – ESFP INFJ 커플 궁합 | 반대라서 끌리고, 달라서 배우는 조합
  로그인 필요 → 자동 로그인 시도...
  ✅ 자동 로그인 성공
✅ 발행 완료 → tasks/published/
==================================================
Writer Agent
==================================================
Task: 20260531_023 — ESFP INTJ 커플 궁합
  글 생성 중...
  제목: 💘 ESFP INTJ 커플 궁합 – 정반대라서 더 끌리는, ESFP와 INTJ의 현실 궁합
  초안 저장: articles/draft/20260531_023.html
  Task 이동: planned/ → writing/

✅ 완료: 20260531_023
==================================================
Publisher Agent
==================================================
Task: 20260531_023
제목: 💘 ESFP INTJ 커플 궁합 – 정반대라서 더 끌리는, ESFP와 INTJ의 현실 궁합
  로그인 필요 → 자동 로그인 시도...
  ✅ 자동 로그인 성공
✅ 발행 완료 → tasks/published/
==================================================
Writer Agent
==================================================
Task: 20260531_024 — ESFP INTP 커플 궁합
  글 생성 중...
  제목: 💘 ESFP INTP 커플 궁합 – 즉흥 감성파와 생각 많은 철학자, 의외로 끌리는 조합
  초안 저장: articles/draft/20260531_024.html
  Task 이동: planned/ → writing/

✅ 완료: 20260531_024
==================================================
Publisher Agent
==================================================
Task: 20260531_024
제목: 💘 ESFP INTP 커플 궁합 – 즉흥 감성파와 생각 많은 철학자, 의외로 끌리는 조합
  로그인 필요 → 자동 로그인 시도...
  ✅ 자동 로그인 성공
✅ 발행 완료 → tasks/published/
==================================================
Writer Agent
==================================================
Task: 20260531_025 — ESFP ISFP 커플 궁합
  글 생성 중...
  제목: 💘 ESFP ISFP 커플 궁합 – ESFP ISFP 커플 궁합: 즐거움과 감성, 닮아서 더 편한 조합
  초안 저장: articles/draft/20260531_025.html
  Task 이동: planned/ → writing/

✅ 완료: 20260531_025
==================================================
Publisher Agent
==================================================
Task: 20260531_025
제목: 💘 ESFP ISFP 커플 궁합 – ESFP ISFP 커플 궁합: 즐거움과 감성, 닮아서 더 편한 조합
  로그인 필요 → 자동 로그인 시도...
  ✅ 자동 로그인 성공
✅ 발행 완료 → tasks/published/
==================================================
Writer Agent
==================================================
Task: 20260531_026 — ESFP ISTJ 커플 궁합
  글 생성 중...
  제목: 💘 ESFP ISTJ 커플 궁합 – 즉흥의 설렘과 안정의 신뢰, ESFP와 ISTJ 커플 궁합
  초안 저장: articles/draft/20260531_026.html
  Task 이동: planned/ → writing/

✅ 완료: 20260531_026
==================================================
Publisher Agent
==================================================
Task: 20260531_026
제목: 💘 ESFP ISTJ 커플 궁합 – 즉흥의 설렘과 안정의 신뢰, ESFP와 ISTJ 커플 궁합
  로그인 필요 → 자동 로그인 시도...
  ✅ 자동 로그인 성공
✅ 발행 완료 → tasks/published/
==================================================
Writer Agent
==================================================
Task: 20260531_027 — ESFP ISTP 커플 궁합
  글 생성 중...
  제목: 💘 ESFP ISTP 커플 궁합 – 즉흥적인 매력과 현실 감각이 만났을 때
  초안 저장: articles/draft/20260531_027.html
  Task 이동: planned/ → writing/

✅ 완료: 20260531_027
==================================================
Publisher Agent
==================================================
Task: 20260531_027
제목: 💘 ESFP ISTP 커플 궁합 – 즉흥적인 매력과 현실 감각이 만났을 때
  로그인 필요 → 자동 로그인 시도...
  ✅ 자동 로그인 성공
✅ 발행 완료 → tasks/published/
==================================================
Writer Agent
==================================================
Task: 20260531_028 — ESTJ ESTP 커플 궁합
  글 생성 중...
  제목: 💘 ESTJ ESTP 커플 궁합 – 계획형 리더와 즉흥형 실행가의 만남
  초안 저장: articles/draft/20260531_028.html
  Task 이동: planned/ → writing/

✅ 완료: 20260531_028
==================================================
Publisher Agent
==================================================
Task: 20260531_028
제목: 💘 ESTJ ESTP 커플 궁합 – 계획형 리더와 즉흥형 실행가의 만남
  로그인 필요 → 자동 로그인 시도...
  ✅ 자동 로그인 성공
✅ 발행 완료 → tasks/published/
==================================================
Writer Agent
==================================================
Task: 20260531_029 — ESTJ INFJ 커플 궁합
  글 생성 중...
  제목: 💘 ESTJ INFJ 커플 궁합 – 현실과 이상이 맞물리는, 단단하지만 섬세한 커플
  초안 저장: articles/draft/20260531_029.html
  Task 이동: planned/ → writing/

✅ 완료: 20260531_029
==================================================
Publisher Agent
==================================================
Task: 20260531_029
제목: 💘 ESTJ INFJ 커플 궁합 – 현실과 이상이 맞물리는, 단단하지만 섬세한 커플
  로그인 필요 → 자동 로그인 시도...
  ✅ 자동 로그인 성공
✅ 발행 완료 → tasks/published/
==================================================
Writer Agent
==================================================
Task: 20260531_030 — ESTJ INFP 커플 궁합
  글 생성 중...
  제목: 💘 ESTJ INFP 커플 궁합 – 현실형 리더와 감성형 이상주의자의 만남
  초안 저장: articles/draft/20260531_030.html
  Task 이동: planned/ → writing/

✅ 완료: 20260531_030
==================================================
Publisher Agent
==================================================
Task: 20260531_030
제목: 💘 ESTJ INFP 커플 궁합 – 현실형 리더와 감성형 이상주의자의 만남
  로그인 필요 → 자동 로그인 시도...
  ✅ 자동 로그인 성공
✅ 발행 완료 → tasks/published/
==================================================
Writer Agent
==================================================
Task: 20260531_031 — ESTJ INTJ 커플 궁합
  글 생성 중...
  제목: 💘 ESTJ INTJ 커플 궁합 – ESTJ INTJ 커플 궁합｜계획형 현실주의자들의 묵직한 팀플
  초안 저장: articles/draft/20260531_031.html
  Task 이동: planned/ → writing/

✅ 완료: 20260531_031
==================================================
Publisher Agent
==================================================
Task: 20260531_031
제목: 💘 ESTJ INTJ 커플 궁합 – ESTJ INTJ 커플 궁합｜계획형 현실주의자들의 묵직한 팀플
  로그인 필요 → 자동 로그인 시도...
  ✅ 자동 로그인 성공
✅ 발행 완료 → tasks/published/
==================================================
Writer Agent
==================================================
Task: 20260531_032 — ESTJ INTP 커플 궁합
  글 생성 중...
  제목: 💘 ESTJ INTP 커플 궁합 – ESTJ와 INTP, 다름이 끌림이 될 수 있을까?
  초안 저장: articles/draft/20260531_032.html
  Task 이동: planned/ → writing/

✅ 완료: 20260531_032
==================================================
Publisher Agent
==================================================
Task: 20260531_032
제목: 💘 ESTJ INTP 커플 궁합 – ESTJ와 INTP, 다름이 끌림이 될 수 있을까?
  로그인 필요 → 자동 로그인 시도...
  ✅ 자동 로그인 성공
✅ 발행 완료 → tasks/published/
==================================================
Writer Agent
==================================================
Task: 20260531_033 — ESTJ ISFP 커플 궁합
  글 생성 중...
  제목: 💘 ESTJ ISFP 커플 궁합 – ESTJ와 ISFP, 현실과 감성이 만날 때
  초안 저장: articles/draft/20260531_033.html
  Task 이동: planned/ → writing/

✅ 완료: 20260531_033
==================================================
Publisher Agent
==================================================
Task: 20260531_033
제목: 💘 ESTJ ISFP 커플 궁합 – ESTJ와 ISFP, 현실과 감성이 만날 때
  로그인 필요 → 자동 로그인 시도...
  ✅ 자동 로그인 성공
✅ 발행 완료 → tasks/published/
